// Jest Snapshot v1, https://goo.gl/fbAQLP

exports[`<MovieCard /> renders correctly 1`] = `
<RNCSafeAreaProvider
  onInsetsChange={[Function]}
  style={
    [
      {
        "flex": 1,
      },
      undefined,
    ]
  }
>
  <View
    dataSet={{}}
    style={
      {
        "marginBottom": 4,
        "marginLeft": 4,
        "marginRight": 4,
        "marginTop": 4,
        "width": 235,
      }
    }
  >
    <Image
      resizeMode="contain"
      source={1}
      style={
        {
          "height": 352.5,
          "width": 235,
        }
      }
      testID="movie-poster"
    />
    <Text
      dataSet={{}}
      numberOfLines={1}
      style={
        {
          "backgroundColor": undefined,
          "color": "#171717",
          "fontFamily": undefined,
          "fontSize": 14,
          "fontStyle": "normal",
          "fontWeight": "400",
          "letterSpacing": 0,
          "lineHeight": 21,
          "marginTop": 12,
          "textDecorationLine": undefined,
        }
      }
      testID="movie-name"
    >
      Rear Window
    </Text>
  </View>
</RNCSafeAreaProvider>
`;
